// CFG result
digraph {
	1 [label="input(A,B)"]
	1 -> 2
	2 [label="output(A + B)"]
	2 -> 5
	4 [label=start_algorithm]
	4 -> 1
	5 [label=end_algorithm]
}